[2026-07-09 09:55:36+0800] settle rc=0 out=ledger_settle: machine_settled=0 human_reminded=0 changed=False
[2026-07-09 09:55:36+0800] 無機器卡新開獎，結束（no-op 或僅人工提醒）
[2026-07-10 07:50:02+0800] settle rc=0 out=ledger_settle: machine_settled=0 human_reminded=0 changed=False
[2026-07-10 07:50:02+0800] 無機器卡新開獎，結束（no-op 或僅人工提醒）
[2026-07-11 07:50:02+0800] settle rc=0 out=ledger_settle: machine_settled=0 human_reminded=0 changed=False
[2026-07-11 07:50:02+0800] 無機器卡新開獎，結束（no-op 或僅人工提醒）
[2026-07-12 07:50:01+0800] settle rc=0 out=ledger_settle: machine_settled=0 human_reminded=0 changed=False
[2026-07-12 07:50:01+0800] 無機器卡新開獎，結束（no-op 或僅人工提醒）
[2026-07-13 07:50:02+0800] settle rc=0 out=ledger_settle: machine_settled=0 human_reminded=0 changed=False
[2026-07-13 07:50:02+0800] 無機器卡新開獎，結束（no-op 或僅人工提醒）
[2026-07-14 07:50:03+0800] settle rc=0 out=ledger_settle: machine_settled=0 human_reminded=0 changed=False
[2026-07-14 07:50:03+0800] 無機器卡新開獎，結束（no-op 或僅人工提醒）
[2026-07-15 07:50:01+0800] settle rc=0 out=ledger_settle: machine_settled=0 human_reminded=0 changed=False
[2026-07-15 07:50:01+0800] 無機器卡新開獎，結束（no-op 或僅人工提醒）
[2026-07-16 07:50:02+0800] settle rc=0 out=ledger_settle: machine_settled=0 human_reminded=0 changed=False
[2026-07-16 07:50:02+0800] 無機器卡新開獎，結束（no-op 或僅人工提醒）
[2026-07-17 07:50:02+0800] settle rc=0 out=ledger_settle: machine_settled=0 human_reminded=0 changed=False
[2026-07-17 07:50:02+0800] 無機器卡新開獎，結束（no-op 或僅人工提醒）
[2026-07-18 07:50:02+0800] settle rc=0 out=ledger_settle: machine_settled=0 human_reminded=0 changed=False
[2026-07-18 07:50:02+0800] 無機器卡新開獎，結束（no-op 或僅人工提醒）
[2026-07-19 07:50:01+0800] settle rc=0 out=ledger_settle: machine_settled=0 human_reminded=0 changed=False
[2026-07-19 07:50:01+0800] 無機器卡新開獎，結束（no-op 或僅人工提醒）
[2026-07-20 07:50:01+0800] settle rc=0 out=ledger_settle: machine_settled=0 human_reminded=0 changed=False
[2026-07-20 07:50:01+0800] 無機器卡新開獎，結束（no-op 或僅人工提醒）
[2026-07-21 07:50:01+0800] settle rc=0 out=ledger_settle: machine_settled=0 human_reminded=0 changed=False
[2026-07-21 07:50:01+0800] 無機器卡新開獎，結束（no-op 或僅人工提醒）
[2026-07-22 07:50:01+0800] settle rc=0 out=ledger_settle: machine_settled=0 human_reminded=0 changed=False
[2026-07-22 07:50:01+0800] 無機器卡新開獎，結束（no-op 或僅人工提醒）
[2026-07-23 07:50:01+0800] settle rc=0 out=ledger_settle: machine_settled=0 human_reminded=0 changed=False
[2026-07-23 07:50:01+0800] 無機器卡新開獎，結束（no-op 或僅人工提醒）
[2026-07-24 07:50:02+0800] settle rc=0 out=ledger_settle: machine_settled=0 human_reminded=0 changed=False
[2026-07-24 07:50:02+0800] 無機器卡新開獎，結束（no-op 或僅人工提醒）
[2026-07-25 07:50:02+0800] settle rc=0 out=ledger_settle: machine_settled=0 human_reminded=0 changed=False
[2026-07-25 07:50:02+0800] 無機器卡新開獎，結束（no-op 或僅人工提醒）
[2026-07-26 07:50:02+0800] settle rc=0 out=ledger_settle: machine_settled=0 human_reminded=0 changed=False
[2026-07-26 07:50:02+0800] 無機器卡新開獎，結束（no-op 或僅人工提醒）
[2026-07-27 07:50:02+0800] settle rc=0 out=ledger_settle: machine_settled=0 human_reminded=0 changed=False
[2026-07-27 07:50:02+0800] 無機器卡新開獎，結束（no-op 或僅人工提醒）
[2026-07-28 07:50:01+0800] settle rc=0 out=ledger_settle: machine_settled=0 human_reminded=0 changed=False
[2026-07-28 07:50:01+0800] 無機器卡新開獎，結束（no-op 或僅人工提醒）
[2026-07-29 07:50:02+0800] settle rc=0 out=ledger_settle: machine_settled=0 human_reminded=0 changed=False
[2026-07-29 07:50:02+0800] 無機器卡新開獎，結束（no-op 或僅人工提醒）
[2026-07-30 07:50:01+0800] settle rc=0 out=ledger_settle: machine_settled=0 human_reminded=0 changed=False
[2026-07-30 07:50:01+0800] 無機器卡新開獎，結束（no-op 或僅人工提醒）
[2026-07-31 07:50:01+0800] settle rc=0 out=ledger_settle: machine_settled=0 human_reminded=0 changed=False
[2026-07-31 07:50:01+0800] 無機器卡新開獎，結束（no-op 或僅人工提醒）
[2026-08-01 07:50:02+0800] settle rc=0 out=ledger_settle: machine_settled=0 human_reminded=0 changed=False
[2026-08-01 07:50:02+0800] 無機器卡新開獎，結束（no-op 或僅人工提醒）
[2026-08-02 07:50:02+0800] settle rc=0 out=ledger_settle: machine_settled=0 human_reminded=0 changed=False
[2026-08-02 07:50:02+0800] 無機器卡新開獎，結束（no-op 或僅人工提醒）
[2026-08-03 07:50:01+0800] settle rc=0 out=ledger_settle: machine_settled=0 human_reminded=0 changed=False
[2026-08-03 07:50:01+0800] 無機器卡新開獎，結束（no-op 或僅人工提醒）
[2026-08-04 07:50:01+0800] settle rc=0 out=ledger_settle: machine_settled=0 human_reminded=0 changed=False
[2026-08-04 07:50:01+0800] 無機器卡新開獎，結束（no-op 或僅人工提醒）
[2026-08-05 07:50:01+0800] settle rc=0 out=ledger_settle: machine_settled=0 human_reminded=0 changed=False
[2026-08-05 07:50:01+0800] 無機器卡新開獎，結束（no-op 或僅人工提醒）
[2026-08-06 07:50:01+0800] settle rc=0 out=ledger_settle: machine_settled=0 human_reminded=0 changed=False
[2026-08-06 07:50:01+0800] 無機器卡新開獎，結束（no-op 或僅人工提醒）
[2026-08-07 07:50:02+0800] settle rc=0 out=ledger_settle: machine_settled=0 human_reminded=0 changed=False
[2026-08-07 07:50:02+0800] 無機器卡新開獎，結束（no-op 或僅人工提醒）
[2026-08-08 07:50:04+0800] settle rc=0 out=ledger_settle: machine_settled=1 human_reminded=0 changed=True
[2026-08-08 07:50:04+0800] 新開獎：
- LJ-2026-0002｜QQQ 一個月內未收復前高 745｜✓ 命中｜機器判定：命中。QQQ deadline 收盤值 723.0300。
Traceback (most recent call last):
  File "C:\Users\Charles\Projects\realpha-blog\scripts\ledger_open.py", line 167, in <module>
    raise SystemExit(main())
  File "C:\Users\Charles\Projects\realpha-blog\scripts\ledger_open.py", line 139, in main
    b = run(["npm", "run", "build"], timeout=900)
  File "C:\Users\Charles\Projects\realpha-blog\scripts\ledger_open.py", line 44, in run
    return subprocess.run(
  File "C:\Users\Charles\AppData\Local\Programs\Python\Python310\lib\subprocess.py", line 503, in run
    with Popen(*popenargs, **kwargs) as process:
  File "C:\Users\Charles\AppData\Local\Programs\Python\Python310\lib\subprocess.py", line 971, in __init__
    self._execute_child(args, executable, preexec_fn, close_fds,
  File "C:\Users\Charles\AppData\Local\Programs\Python\Python310\lib\subprocess.py", line 1440, in _execute_child
    hp, ht, pid, tid = _winapi.CreateProcess(executable, args,
FileNotFoundError: [WinError 2] 系統找不到指定的檔案。
[2026-08-09 07:50:02+0800] settle rc=0 out=ledger_settle: machine_settled=0 human_reminded=0 changed=False
[2026-08-09 07:50:02+0800] 無機器卡新開獎，結束（no-op 或僅人工提醒）
[2026-08-10 07:50:01+0800] settle rc=0 out=ledger_settle: machine_settled=0 human_reminded=0 changed=False
[2026-08-10 07:50:01+0800] 無機器卡新開獎，結束（no-op 或僅人工提醒）
[2026-08-11 07:50:02+0800] settle rc=0 out=ledger_settle: machine_settled=0 human_reminded=0 changed=False
[2026-08-11 07:50:02+0800] 無機器卡新開獎，結束（no-op 或僅人工提醒）
[2026-08-12 07:50:02+0800] settle rc=0 out=ledger_settle: machine_settled=0 human_reminded=0 changed=False
[2026-08-12 07:50:02+0800] 無機器卡新開獎，結束（no-op 或僅人工提醒）
[2026-08-13 07:50:02+0800] settle rc=0 out=ledger_settle: machine_settled=0 human_reminded=0 changed=False
[2026-08-13 07:50:02+0800] 無機器卡新開獎，結束（no-op 或僅人工提醒）
[2026-08-14 07:50:02+0800] settle rc=0 out=ledger_settle: machine_settled=0 human_reminded=0 changed=False
[2026-08-14 07:50:02+0800] 無機器卡新開獎，結束（no-op 或僅人工提醒）
[2026-08-15 07:50:02+0800] settle rc=0 out=ledger_settle: machine_settled=0 human_reminded=0 changed=False
[2026-08-15 07:50:02+0800] 無機器卡新開獎，結束（no-op 或僅人工提醒）
