[2026-07-09 09:29:11+0800] settle rc=0 out=ledger_settle: machine_settled=0 human_reminded=0 changed=False
[2026-07-09 09:29:11+0800] 無機器卡新開獎，結束（no-op 或僅人工提醒）
[2026-07-09 09:29:13+0800] settle rc=0 out=ledger_settle: machine_settled=1 human_reminded=0 changed=True
[2026-07-09 09:29:13+0800] 新開獎：
- LJ-2099-0001｜測試：SPY 過期開獎｜✓ 命中｜機器判定：命中。SPY deadline 收盤值 756.5908。
[2026-07-09 09:29:13+0800] --no-publish：跳過 build/commit/push
[2026-07-09 09:55:36+0800] settle rc=0 out=ledger_settle: machine_settled=0 human_reminded=0 changed=False
[2026-07-09 09:55:36+0800] 無機器卡新開獎，結束（no-op 或僅人工提醒）
[2026-07-10 07:50:02+0800] settle rc=0 out=ledger_settle: machine_settled=0 human_reminded=0 changed=False
[2026-07-10 07:50:02+0800] 無機器卡新開獎，結束（no-op 或僅人工提醒）
[2026-07-11 07:50:02+0800] settle rc=0 out=ledger_settle: machine_settled=0 human_reminded=0 changed=False
[2026-07-11 07:50:02+0800] 無機器卡新開獎，結束（no-op 或僅人工提醒）
[2026-07-12 07:50:01+0800] settle rc=0 out=ledger_settle: machine_settled=0 human_reminded=0 changed=False
[2026-07-12 07:50:01+0800] 無機器卡新開獎，結束（no-op 或僅人工提醒）
[2026-07-13 07:50:02+0800] settle rc=0 out=ledger_settle: machine_settled=0 human_reminded=0 changed=False
[2026-07-13 07:50:02+0800] 無機器卡新開獎，結束（no-op 或僅人工提醒）
[2026-07-14 07:50:03+0800] settle rc=0 out=ledger_settle: machine_settled=0 human_reminded=0 changed=False
[2026-07-14 07:50:03+0800] 無機器卡新開獎，結束（no-op 或僅人工提醒）
[2026-07-15 07:50:01+0800] settle rc=0 out=ledger_settle: machine_settled=0 human_reminded=0 changed=False
[2026-07-15 07:50:01+0800] 無機器卡新開獎，結束（no-op 或僅人工提醒）
[2026-07-16 07:50:02+0800] settle rc=0 out=ledger_settle: machine_settled=0 human_reminded=0 changed=False
[2026-07-16 07:50:02+0800] 無機器卡新開獎，結束（no-op 或僅人工提醒）
[2026-07-17 07:50:02+0800] settle rc=0 out=ledger_settle: machine_settled=0 human_reminded=0 changed=False
[2026-07-17 07:50:02+0800] 無機器卡新開獎，結束（no-op 或僅人工提醒）
[2026-07-18 07:50:02+0800] settle rc=0 out=ledger_settle: machine_settled=0 human_reminded=0 changed=False
[2026-07-18 07:50:02+0800] 無機器卡新開獎，結束（no-op 或僅人工提醒）
[2026-07-19 07:50:01+0800] settle rc=0 out=ledger_settle: machine_settled=0 human_reminded=0 changed=False
[2026-07-19 07:50:01+0800] 無機器卡新開獎，結束（no-op 或僅人工提醒）
[2026-07-20 07:50:01+0800] settle rc=0 out=ledger_settle: machine_settled=0 human_reminded=0 changed=False
[2026-07-20 07:50:01+0800] 無機器卡新開獎，結束（no-op 或僅人工提醒）
[2026-07-21 07:50:01+0800] settle rc=0 out=ledger_settle: machine_settled=0 human_reminded=0 changed=False
[2026-07-21 07:50:01+0800] 無機器卡新開獎，結束（no-op 或僅人工提醒）
[2026-07-22 07:50:01+0800] settle rc=0 out=ledger_settle: machine_settled=0 human_reminded=0 changed=False
[2026-07-22 07:50:01+0800] 無機器卡新開獎，結束（no-op 或僅人工提醒）
[2026-07-23 07:50:01+0800] settle rc=0 out=ledger_settle: machine_settled=0 human_reminded=0 changed=False
[2026-07-23 07:50:01+0800] 無機器卡新開獎，結束（no-op 或僅人工提醒）
[2026-07-24 07:50:02+0800] settle rc=0 out=ledger_settle: machine_settled=0 human_reminded=0 changed=False
[2026-07-24 07:50:02+0800] 無機器卡新開獎，結束（no-op 或僅人工提醒）
[2026-07-25 07:50:02+0800] settle rc=0 out=ledger_settle: machine_settled=0 human_reminded=0 changed=False
[2026-07-25 07:50:02+0800] 無機器卡新開獎，結束（no-op 或僅人工提醒）
[2026-07-26 07:50:02+0800] settle rc=0 out=ledger_settle: machine_settled=0 human_reminded=0 changed=False
[2026-07-26 07:50:02+0800] 無機器卡新開獎，結束（no-op 或僅人工提醒）
[2026-07-27 07:50:02+0800] settle rc=0 out=ledger_settle: machine_settled=0 human_reminded=0 changed=False
[2026-07-27 07:50:02+0800] 無機器卡新開獎，結束（no-op 或僅人工提醒）
[2026-07-28 07:50:01+0800] settle rc=0 out=ledger_settle: machine_settled=0 human_reminded=0 changed=False
[2026-07-28 07:50:01+0800] 無機器卡新開獎，結束（no-op 或僅人工提醒）
[2026-07-29 07:50:02+0800] settle rc=0 out=ledger_settle: machine_settled=0 human_reminded=0 changed=False
[2026-07-29 07:50:02+0800] 無機器卡新開獎，結束（no-op 或僅人工提醒）
[2026-07-30 07:50:01+0800] settle rc=0 out=ledger_settle: machine_settled=0 human_reminded=0 changed=False
[2026-07-30 07:50:01+0800] 無機器卡新開獎，結束（no-op 或僅人工提醒）
[2026-07-31 07:50:01+0800] settle rc=0 out=ledger_settle: machine_settled=0 human_reminded=0 changed=False
[2026-07-31 07:50:01+0800] 無機器卡新開獎，結束（no-op 或僅人工提醒）
[2026-08-01 07:50:02+0800] settle rc=0 out=ledger_settle: machine_settled=0 human_reminded=0 changed=False
[2026-08-01 07:50:02+0800] 無機器卡新開獎，結束（no-op 或僅人工提醒）
[2026-08-02 07:50:02+0800] settle rc=0 out=ledger_settle: machine_settled=0 human_reminded=0 changed=False
[2026-08-02 07:50:02+0800] 無機器卡新開獎，結束（no-op 或僅人工提醒）
[2026-08-03 07:50:01+0800] settle rc=0 out=ledger_settle: machine_settled=0 human_reminded=0 changed=False
[2026-08-03 07:50:01+0800] 無機器卡新開獎，結束（no-op 或僅人工提醒）
[2026-08-04 07:50:01+0800] settle rc=0 out=ledger_settle: machine_settled=0 human_reminded=0 changed=False
[2026-08-04 07:50:01+0800] 無機器卡新開獎，結束（no-op 或僅人工提醒）
[2026-08-05 07:50:01+0800] settle rc=0 out=ledger_settle: machine_settled=0 human_reminded=0 changed=False
[2026-08-05 07:50:01+0800] 無機器卡新開獎，結束（no-op 或僅人工提醒）
[2026-08-06 07:50:01+0800] settle rc=0 out=ledger_settle: machine_settled=0 human_reminded=0 changed=False
[2026-08-06 07:50:01+0800] 無機器卡新開獎，結束（no-op 或僅人工提醒）
[2026-08-07 07:50:02+0800] settle rc=0 out=ledger_settle: machine_settled=0 human_reminded=0 changed=False
[2026-08-07 07:50:02+0800] 無機器卡新開獎，結束（no-op 或僅人工提醒）
[2026-08-08 07:50:04+0800] settle rc=0 out=ledger_settle: machine_settled=1 human_reminded=0 changed=True
[2026-08-08 07:50:04+0800] 新開獎：
- LJ-2026-0002｜QQQ 一個月內未收復前高 745｜✓ 命中｜機器判定：命中。QQQ deadline 收盤值 723.0300。
[2026-08-09 07:50:02+0800] settle rc=0 out=ledger_settle: machine_settled=0 human_reminded=0 changed=False
[2026-08-09 07:50:02+0800] 無機器卡新開獎，結束（no-op 或僅人工提醒）
[2026-08-10 07:50:01+0800] settle rc=0 out=ledger_settle: machine_settled=0 human_reminded=0 changed=False
[2026-08-10 07:50:01+0800] 無機器卡新開獎，結束（no-op 或僅人工提醒）
[2026-08-11 07:50:02+0800] settle rc=0 out=ledger_settle: machine_settled=0 human_reminded=0 changed=False
[2026-08-11 07:50:02+0800] 無機器卡新開獎，結束（no-op 或僅人工提醒）
[2026-08-12 07:50:02+0800] settle rc=0 out=ledger_settle: machine_settled=0 human_reminded=0 changed=False
[2026-08-12 07:50:02+0800] 無機器卡新開獎，結束（no-op 或僅人工提醒）
[2026-08-13 07:50:02+0800] settle rc=0 out=ledger_settle: machine_settled=0 human_reminded=0 changed=False
[2026-08-13 07:50:02+0800] 無機器卡新開獎，結束（no-op 或僅人工提醒）
[2026-08-14 07:50:02+0800] settle rc=0 out=ledger_settle: machine_settled=0 human_reminded=0 changed=False
[2026-08-14 07:50:02+0800] 無機器卡新開獎，結束（no-op 或僅人工提醒）
[2026-08-15 07:50:02+0800] settle rc=0 out=ledger_settle: machine_settled=0 human_reminded=0 changed=False
[2026-08-15 07:50:02+0800] 無機器卡新開獎，結束（no-op 或僅人工提醒）
